Word count: 0
Line count: 1
Character count: 0
